
============================================================
  鎶ラ攢涓氬姟 MCP 鏈嶅姟 - 娴嬭瘯鑴氭湰
  MCP 绔偣: http://localhost:9099/admin3/xiaoyi-mcp/reimbursement/message
============================================================

  妫€鏌ユ湇鍔＄姸鎬?..
  admin3 鏈嶅姟: [OK]
  OCR 鏈嶅姟:    [OK]

============================================================
  娴嬭瘯1: 鍒楀嚭鎶ラ攢 MCP 宸ュ叿 (tools/list)
============================================================

鈹€鈹€鈹€鈹€鈹€鈹€鈹€鈹€鈹€鈹€鈹€鈹€鈹€鈹€鈹€鈹€鈹€鈹€鈹€鈹€鈹€鈹€鈹€鈹€鈹€鈹€鈹€鈹€鈹€鈹€鈹€鈹€鈹€鈹€鈹€鈹€鈹€鈹€鈹€鈹€鈹€鈹€鈹€鈹€鈹€鈹€鈹€鈹€鈹€鈹€鈹€鈹€鈹€鈹€鈹€鈹€鈹€鈹€鈹€鈹€
  鎶ラ攢 MCP 宸ュ叿鍒楄〃
鈹€鈹€鈹€鈹€鈹€鈹€鈹€鈹€鈹€鈹€鈹€鈹€鈹€鈹€鈹€鈹€鈹€鈹€鈹€鈹€鈹€鈹€鈹€鈹€鈹€鈹€鈹€鈹€鈹€鈹€鈹€鈹€鈹€鈹€鈹€鈹€鈹€鈹€鈹€鈹€鈹€鈹€鈹€鈹€鈹€鈹€鈹€鈹€鈹€鈹€鈹€鈹€鈹€鈹€鈹€鈹€鈹€鈹€鈹€鈹€
{
  "jsonrpc": "2.0",
  "id": 1,
  "result": {
    "tools": [
      {
        "name": "ocr_upload_reimbursement",
        "description": "涓婁紶鍙戠エ鍥剧墖杩涜OCR璇嗗埆锛屼繚瀛樹负鑽夌鎶ラ攢鍗曪紝杩斿洖璇嗗埆鍑虹殑鍙戠エ瀛楁渚涚敤鎴风‘璁ゃ€傜敤鎴风‘璁ゅ悗璇疯皟鐢?confirm_reimbursement 瀹屾垚鍒涘缓銆?,
        "inputSchema": {
          "type": "object",
          "properties": {
            "imageBase64": {
              "type": "string",
              "description": "鍥剧墖鐨?Base64 缂栫爜鏁版嵁"
            },
            "filename": {
              "type": "string",
              "description": "鏂囦欢鍚嶏紝渚嬪 invoice.jpg"
            }
          },
          "required": [
            "imageBase64",
            "filename"
          ]
        }
      },
      {
        "name": "confirm_reimbursement",
        "description": "鐢ㄦ埛纭OCR璇嗗埆缁撴灉鍚庯紝灏嗚崏绋挎姤閿€鍗曟彁浜や负姝ｅ紡鎶ラ攢鍗曪紙杩涘叆瀹℃壒娴佺▼锛?,
        "inputSchema": {
          "type": "object",
          "properties": {
            "reimbursementId": {
              "type": "number",
              "description": "鑽夌鎶ラ攢鍗旾D锛堜粠 ocr_upload_reimbursement 杩斿洖涓幏鍙栵級"
            },
            "title": {
              "type": "string",
              "description": "鎶ラ攢鏍囬锛堝彲閫夛紝涓嶄紶鍒欎娇鐢ㄨ崏绋夸腑鐨勬爣棰橈級"
            },
            "category": {
              "type": "string",
              "description": "鎶ラ攢鍒嗙被: travel(宸梾), office(鍔炲叕), entertainment(鎷涘緟), other(鍏朵粬)"
            },
            "amount": {
              "type": "string",
              "description": "鎶ラ攢閲戦锛堝彲閫夛紝涓嶄紶鍒欎娇鐢∣CR璇嗗埆鐨勯噾棰濓級"
            }
          },
          "required": [
            "reimbursementId",
            "category"
          ]
        }
      },
      {
        "name": "query_reimbursements_by_username",
        "description": "鎸夌敤鎴峰鍚嶆煡璇釜浜烘姤閿€鍗曞垪琛紝杩斿洖鎶ラ攢鍗曠殑璇︾粏淇℃伅",
        "inputSchema": {
          "type": "object",
          "properties": {
            "username": {
              "type": "string",
              "description": "鐢ㄦ埛鍚?
            }
          },
          "required": [
            "username"
          ]
        }
      }
    ]
  }
}

============================================================
  娴嬭瘯2: 鏌ヨ鎶ラ攢鍗?- 鐢ㄦ埛鍚? admin
============================================================

鈹€鈹€鈹€鈹€鈹€鈹€鈹€鈹€鈹€鈹€鈹€鈹€鈹€鈹€鈹€鈹€鈹€鈹€鈹€鈹€鈹€鈹€鈹€鈹€鈹€鈹€鈹€鈹€鈹€鈹€鈹€鈹€鈹€鈹€鈹€鈹€鈹€鈹€鈹€鈹€鈹€鈹€鈹€鈹€鈹€鈹€鈹€鈹€鈹€鈹€鈹€鈹€鈹€鈹€鈹€鈹€鈹€鈹€鈹€鈹€
  鏌ヨ缁撴灉
鈹€鈹€鈹€鈹€鈹€鈹€鈹€鈹€鈹€鈹€鈹€鈹€鈹€鈹€鈹€鈹€鈹€鈹€鈹€鈹€鈹€鈹€鈹€鈹€鈹€鈹€鈹€鈹€鈹€鈹€鈹€鈹€鈹€鈹€鈹€鈹€鈹€鈹€鈹€鈹€鈹€鈹€鈹€鈹€鈹€鈹€鈹€鈹€鈹€鈹€鈹€鈹€鈹€鈹€鈹€鈹€鈹€鈹€鈹€鈹€
  鎶ラ攢璁板綍:
  ID: 16
  鏍囬: ces
  鍒嗙被: travel
  閲戦: 楼500.00
  鐘舵€? 鑽夌
  鐢宠浜? admin
  鍒涘缓鏃堕棿: 2026-06-03 17:36:58
  --------------------

============================================================
  娴嬭瘯2: 鏌ヨ鎶ラ攢鍗?- 鐢ㄦ埛鍚? 鍒樺皬娉?
============================================================

鈹€鈹€鈹€鈹€鈹€鈹€鈹€鈹€鈹€鈹€鈹€鈹€鈹€鈹€鈹€鈹€鈹€鈹€鈹€鈹€鈹€鈹€鈹€鈹€鈹€鈹€鈹€鈹€鈹€鈹€鈹€鈹€鈹€鈹€鈹€鈹€鈹€鈹€鈹€鈹€鈹€鈹€鈹€鈹€鈹€鈹€鈹€鈹€鈹€鈹€鈹€鈹€鈹€鈹€鈹€鈹€鈹€鈹€鈹€鈹€
  鏌ヨ缁撴灉
鈹€鈹€鈹€鈹€鈹€鈹€鈹€鈹€鈹€鈹€鈹€鈹€鈹€鈹€鈹€鈹€鈹€鈹€鈹€鈹€鈹€鈹€鈹€鈹€鈹€鈹€鈹€鈹€鈹€鈹€鈹€鈹€鈹€鈹€鈹€鈹€鈹€鈹€鈹€鈹€鈹€鈹€鈹€鈹€鈹€鈹€鈹€鈹€鈹€鈹€鈹€鈹€鈹€鈹€鈹€鈹€鈹€鈹€鈹€鈹€
  鏈壘鍒拌鐢ㄦ埛鐨勬姤閿€璁板綍

  >>> 浣跨敤鏈湴娴嬭瘯鍥剧墖: D:\hongmengProjects\admin3\test-invoice.png

============================================================
  娴嬭瘯5: 瀹屾暣娴佺▼娴嬭瘯
============================================================

  >>> Step 1: OCR 璇嗗埆涓婁紶...

============================================================
  娴嬭瘯3: OCR 涓婁紶璇嗗埆 (ocr_upload_reimbursement)
============================================================
  鍥剧墖鏂囦欢: D:\hongmengProjects\admin3\test-invoice.png
  鏂囦欢鍚? test-invoice.png
  Base64 闀垮害: 3161764 瀛楃

鈹€鈹€鈹€鈹€鈹€鈹€鈹€鈹€鈹€鈹€鈹€鈹€鈹€鈹€鈹€鈹€鈹€鈹€鈹€鈹€鈹€鈹€鈹€鈹€鈹€鈹€鈹€鈹€鈹€鈹€鈹€鈹€鈹€鈹€鈹€鈹€鈹€鈹€鈹€鈹€鈹€鈹€鈹€鈹€鈹€鈹€鈹€鈹€鈹€鈹€鈹€鈹€鈹€鈹€鈹€鈹€鈹€鈹€鈹€鈹€
  OCR 璇嗗埆缁撴灉
鈹€鈹€鈹€鈹€鈹€鈹€鈹€鈹€鈹€鈹€鈹€鈹€鈹€鈹€鈹€鈹€鈹€鈹€鈹€鈹€鈹€鈹€鈹€鈹€鈹€鈹€鈹€鈹€鈹€鈹€鈹€鈹€鈹€鈹€鈹€鈹€鈹€鈹€鈹€鈹€鈹€鈹€鈹€鈹€鈹€鈹€鈹€鈹€鈹€鈹€鈹€鈹€鈹€鈹€鈹€鈹€鈹€鈹€鈹€鈹€
  [ERR] OCR涓婁紶璇嗗埆澶辫触: Cannot invoke "tech.wetech.admin3.sys.service.dto.UserinfoDTO.userId()" because "userInfo" is null
  [ERR] OCR 璇嗗埆澶辫触锛岀粓姝㈡祦绋?

============================================================
  娴嬭瘯瀹屾垚
============================================================

鐢ㄦ硶鍙傝€?
  python test_reimbursement_mcp.py                          # 鍩虹娴嬭瘯 + OCR瀹屾暣娴佺▼
  python test_reimbursement_mcp.py --list-tools             # 浠呭垪鍑哄伐鍏?
  python test_reimbursement_mcp.py --query 鐢ㄦ埛鍚?          # 鏌ヨ鎶ラ攢鍗?
  python test_reimbursement_mcp.py --image D:\鍙戠エ.jpg      # 鎸囧畾鍥剧墖瀹屾暣娴佺▼
  python test_reimbursement_mcp.py --ocr-test D:\鍙戠エ.jpg   # 鐩存帴娴嬭瘯OCR HTTP鎺ュ彛
