============================================================
  [鏁版嵁搴揮 娴嬭瘯鍓?reimbursement 琛ㄧ姸鎬?
============================================================
  鏈€澶?ID: 72
  鎬昏褰曟暟: 71

============================================================
  1. tools/list
============================================================
  Tool: ocr_upload_reimbursement
        鎻忚堪: 涓婁紶鍙戠エ鍥剧墖杩涜OCR璇嗗埆锛屼繚瀛樹负鑽夌鎶ラ攢鍗曪紝杩斿洖璇嗗埆鍑虹殑鍙戠エ瀛楁渚涚敤鎴风‘璁ゃ€傜敤鎴风‘璁ゅ悗璇疯皟鐢?confirm_reimbursement 瀹屾垚鍒涘缓銆?
  Tool: confirm_reimbursement
        鎻忚堪: 鐢ㄦ埛纭OCR璇嗗埆缁撴灉鍚庯紝灏嗚崏绋挎姤閿€鍗曟彁浜や负姝ｅ紡鎶ラ攢鍗曪紙杩涘叆瀹℃壒娴佺▼锛?
  Tool: query_reimbursements_by_username
        鎻忚堪: 鎸夌敤鎴峰鍚嶆煡璇釜浜烘姤閿€鍗曞垪琛紝杩斿洖鎶ラ攢鍗曠殑璇︾粏淇℃伅

============================================================
  2. ocr_upload_reimbursement
============================================================
  鍥剧墖: test-invoice.png (3161764 bytes base64)

OCR璇嗗埆瀹屾垚锛屽凡鍒涘缓鑽夌鎶ラ攢鍗曪紝璇风‘璁や互涓嬩俊鎭細

銆愯崏绋挎姤閿€鍗?ID: 73銆?
銆愪复鏃跺彂绁?ID: 42銆?
鏍囬: [MCP] 鍙戠エ鎶ラ攢 - 72551412
閲戦: 楼1125.14
鍙戠エ鍙风爜: 72551412
鍙戠エ浠ｇ爜: 015002200111
寮€绁ㄦ棩鏈? 2023骞?1鏈?1鏃?
璐拱鏂? 鍐呰挋鍙ら懌杈惧叕璺彂灞曟湁闄愬叕鍙?
閿€鍞柟: 鍥炴皯鍖烘捣鎷夊皵瑗胯绱犵幉浜旈噾搴?
璐拱鏂圭◣鍙? 950121756666718B
閿€鍞柟绋庡彿: 92150103MAC8G79C85
鍙戠エ绫诲瀷: 澧炲€肩◣鐢靛瓙鏅€氬彂绁?

銆怬CR鍘熷鏂囨湰銆?
鍐呰挋鍙ゅ鍊肩◣鐢靛瓙鏅€氬彂绁?
鍙戠エ浠ｇ爜锛?15002200111
鍙戠エ鍙风爜锛?2551412
鍥涗簨鏈轰簨楦″眬
寮€绁ㄦ棩鏈燂細2023骞?1鏈?1鏃?
鍐峰鍚夎嚜娌诲尯绋庡姟閮?
鏈哄櫒缂栧彿锛?67234210621
鏍＄爜锛?5198988170126691690
璐拱鏂?
鍚?
绉帮細鍐呰挋鍙ら懌杈惧叕璺彂灞曟湁闄愬叕鍙?
鍥剧爜
0077/642584+42>30+5350446226
绾崇◣浜鸿瘑鍒彿锛?
91150121756666718B
87921731-5434978049/<087764>
鍦板潃銆佺數璇濓細鍦熷乏鏃楃櫧搴欏瓙闀?471-3601823
鍖?
36>11<-54489/247>3>+6-+*0-<9
寮€鎴疯鍙婅处鍙凤細鍑嗘牸灏旀棗寤鸿鍏撮殕涓滆鏀
15001886638052500568
1*1+9096748<>6017-3/196-6-70
椤圭洰鍚嶇О
瑙勬牸鍨嬪彿
鍗曚綅
鏁?
鍗曚环
绋庣巼
锛堣瑙侀攢璐ф竻鍗曪級
1114.00
15
1L.
鍚堣
锟?114.00
Y11.
浠风◣鍚堣锛堝ぇ鍐欙級
澹逛粺澹逛桨璐版嬀浼嶅渾澹硅鑲嗗垎
锛堝皬鍐欙級1125.14
閿€鍞柟
鍚?
绉帮細鍥炴皯鍖烘捣鎷夊皵瑗胯绱犵幉浜旈噾搴?
澶?
绾崇◣浜鸿瘑鍒彿锛?2150103MAC8G7...

璇风‘璁ゆ棤璇悗锛岃皟鐢?confirm_reimbursement 宸ュ叿锛屼紶鍏ユ姤閿€鍗旾D: 73 瀹屾垚鍒涘缓銆?
濡傛灉涓嶆弧鎰忥紝鍙互鍐嶆涓婁紶鍥剧墖閲嶆柊璇嗗埆锛堜細鍒涘缓鏂扮殑涓存椂鍙戠エ璁板綍锛夈€?


============================================================
  3. confirm_reimbursement
============================================================
  浠?OCR 缁撴灉涓彁鍙栧埌鑽夌 ID: 73

鎶ラ攢鍗曟彁浜ゆ垚鍔燂紒宸茶繘鍏ュ鎵规祦绋嬨€?

銆愭姤閿€鍗曚俊鎭€?
ID: 73
鏍囬: [MCP] 鍔炲叕璁惧閲囪喘鎶ラ攢 - 娴嬭瘯
鍒嗙被: office
閲戦: 楼1125.14
鐘舵€? 寰呭鎵?
鐢宠浜? admin
鍒涘缓鏃堕棿: 2026-06-05 15:27:50

璇风瓑寰呭鎵广€?


============================================================
  4. query_reimbursements_by_username (admin)
============================================================
鎶ラ攢璁板綍:
ID: 73
鏍囬: [MCP] 鍔炲叕璁惧閲囪喘鎶ラ攢 - 娴嬭瘯
鍒嗙被: office
閲戦: 楼1125.14
鐘舵€? 寰呭鎵?
鐢宠浜? admin
鍒涘缓鏃堕棿: 2026-06-05 15:27:50
--------------------
鎶ラ攢璁板綍:
ID: 72
鏍囬: [MCP] 鍔炲叕璁惧閲囪喘鎶ラ攢 - 娴嬭瘯
鍒嗙被: office
閲戦: 楼1125.14
鐘舵€? 寰呭鎵?
鐢宠浜? admin
鍒涘缓鏃堕棿: 2026-06-05 15:27:40
--------------------
鎶ラ攢璁板綍:
ID: 71
鏍囬: [MCP] 鍔炲叕璁惧閲囪喘鎶ラ攢 - 娴嬭瘯
鍒嗙被: office
閲戦: 楼1125.14
鐘舵€? 寰呭鎵?
鐢宠浜? admin
鍒涘缓鏃堕棿: 2026-06-05 15:27:23
--------------------
鎶ラ攢璁板綍:
ID: 70
鏍囬: [MCP] 鍔炲叕璁惧閲囪喘鎶ラ攢 - 娴嬭瘯
鍒嗙被: office
閲戦: 楼1125.14
鐘舵€? 寰呭鎵?
鐢宠浜? admin
鍒涘缓鏃堕棿: 2026-06-05 15:22:31
--------------------
鎶ラ攢璁板綍:
ID: 69
鏍囬: [MCP] 鍔炲叕璁惧閲囪喘鎶ラ攢 - 娴嬭瘯
鍒嗙被: office
閲戦: 楼1125.14
鐘舵€? 寰呭鎵?
鐢宠浜? admin
鍒涘缓鏃堕棿: 2026-06-05 15:20:59
--------------------
鎶ラ攢璁板綍:
ID: 68
鏍囬: [MCP] 鍔炲叕璁惧閲囪喘鎶ラ攢 - 娴嬭瘯
鍒嗙被: office
閲戦: 楼1125.14
鐘舵€? 寰呭鎵?
鐢宠浜? admin
鍒涘缓鏃堕棿: 2026-06-05 15:20:13
--------------------
鎶ラ攢璁板綍:
ID: 67
鏍囬: [MCP] 鍔炲叕璁惧閲囪喘鎶ラ攢 - 娴嬭瘯
鍒嗙被: office
閲戦: 楼1125.14
鐘舵€? 寰呭鎵?
鐢宠浜? admin
鍒涘缓鏃堕棿: 2026-06-05 15:16:02
--------------------
鎶ラ攢璁板綍:
ID: 66
鏍囬: [MCP] 鍔炲叕璁惧閲囪喘鎶ラ攢 - 娴嬭瘯
鍒嗙被: office
閲戦: 楼1125.14
鐘舵€? 寰呭鎵?
鐢宠浜? admin
鍒涘缓鏃堕棿: 2026-06-05 15:09:07
--------------------
鎶ラ攢璁板綍:
ID: 65
鏍囬: [MCP] 鍔炲叕璁惧閲囪喘鎶ラ攢 - 娴嬭瘯
鍒嗙被: office
閲戦: 楼1125.14
鐘舵€? 寰呭鎵?
鐢宠浜? admin
鍒涘缓鏃堕棿: 2026-06-05 15:08:52
--------------------
鎶ラ攢璁板綍:
ID: 64
鏍囬: [MCP] 鍔炲叕璁惧閲囪喘鎶ラ攢 - 娴嬭瘯
鍒嗙被: office
閲戦: 楼1125.14
鐘舵€? 寰呭鎵?
鐢宠浜? admin
鍒涘缓鏃堕棿: 2026-06-05 15:08:45
--------------------
鎶ラ攢璁板綍:
ID: 63
鏍囬: [MCP] 鍔炲叕鐢ㄥ搧鎶ラ攢 - 娴嬭瘯
鍒嗙被: office
閲戦: 楼1125.14
鐘舵€? 鑽夌
鐢宠浜? admin
鍒涘缓鏃堕棿: 2026-06-05 15:04:59
--------------------
鎶ラ攢璁板綍:
ID: 62
鏍囬: [MCP] 鍔炲叕鐢ㄥ搧鎶ラ攢 - 娴嬭瘯
鍒嗙被: office
閲戦: 楼1125.14
鐘舵€? 鑽夌
鐢宠浜? admin
鍒涘缓鏃堕棿: 2026-06-05 15:04:46
--------------------
鎶ラ攢璁板綍:
ID: 61
鏍囬: [MCP] 鍔炲叕鐢ㄥ搧鎶ラ攢 - 娴嬭瘯
鍒嗙被: office
閲戦: 楼1125.14
鐘舵€? 鑽夌
鐢宠浜? admin
鍒涘缓鏃堕棿: 2026-06-05 15:04:37
--------------------
鎶ラ攢璁板綍:
ID: 60
鏍囬: [MCP] 鍔炲叕鐢ㄥ搧鎶ラ攢 - 娴嬭瘯
鍒嗙被: office
閲戦: 楼1125.14
鐘舵€? 鑽夌
鐢宠浜? admin
鍒涘缓鏃堕棿: 2026-06-05 15:04:25
--------------------
鎶ラ攢璁板綍:
ID: 59
鏍囬: [MCP] 鍙戠エ鎶ラ攢 - 72551412
鍒嗙被: other
閲戦: 楼1125.14
鐘舵€? 鑽夌
鐢宠浜? admin
鍒涘缓鏃堕棿: 2026-06-05 14:56:21
--------------------
鎶ラ攢璁板綍:
ID: 58
鏍囬: [MCP] 鍙戠エ鎶ラ攢 - 72551412
鍒嗙被: other
閲戦: 楼1125.14
鐘舵€? 鑽夌
鐢宠浜? admin
鍒涘缓鏃堕棿: 2026-06-05 14:56:06
--------------------
鎶ラ攢璁板綍:
ID: 57
鏍囬: [MCP] 鍙戠エ鎶ラ攢 - 72551412
鍒嗙被: other
閲戦: 楼1125.14
鐘舵€? 鑽夌
鐢宠浜? admin
鍒涘缓鏃堕棿: 2026-06-05 14:55:56
--------------------
鎶ラ攢璁板綍:
ID: 56
鏍囬: [MCP] 鍙戠エ鎶ラ攢 - 72551412
鍒嗙被: other
閲戦: 楼1125.14
鐘舵€? 鑽夌
鐢宠浜? admin
鍒涘缓鏃堕棿: 2026-06-05 14:51:41
--------------------
鎶ラ攢璁板綍:
ID: 55
鏍囬: [MCP] 鍙戠エ鎶ラ攢 - 72551412
鍒嗙被: other
閲戦: 楼1125.14
鐘舵€? 鑽夌
鐢宠浜? admin
鍒涘缓鏃堕棿: 2026-06-05 14:45:02
--------------------
鎶ラ攢璁板綍:
ID: 54
鏍囬: [MCP] 鍙戠エ鎶ラ攢 - 72551412
鍒嗙被: other
閲戦: 楼1125.14
鐘舵€? 鑽夌
鐢宠浜? admin
鍒涘缓鏃堕棿: 2026-06-05 14:26:02
--------------------
鎶ラ攢璁板綍:
ID: 53
鏍囬: [MCP] 鍙戠エ鎶ラ攢 - 72551412
鍒嗙被: other
閲戦: 楼1125.14
鐘舵€? 鑽夌
鐢宠浜? admin
鍒涘缓鏃堕棿: 2026-06-05 14:24:53
--------------------
鎶ラ攢璁板綍:
ID: 52
鏍囬: [MCP] 鍙戠エ鎶ラ攢 - 72551412
鍒嗙被: other
閲戦: 楼1125.14
鐘舵€? 鑽夌
鐢宠浜? admin
鍒涘缓鏃堕棿: 2026-06-05 14:24:21
--------------------
鎶ラ攢璁板綍:
ID: 51
鏍囬: [MCP] 鍙戠エ鎶ラ攢 - 72551412
鍒嗙被: other
閲戦: 楼1125.14
鐘舵€? 鑽夌
鐢宠浜? admin
鍒涘缓鏃堕棿: 2026-06-05 14:23:53
--------------------
鎶ラ攢璁板綍:
ID: 50
鏍囬: [MCP] 鍙戠エ鎶ラ攢 - 72551412
鍒嗙被: other
閲戦: 楼1125.14
鐘舵€? 鑽夌
鐢宠浜? admin
鍒涘缓鏃堕棿: 2026-06-05 14:22:09
--------------------
鎶ラ攢璁板綍:
ID: 49
鏍囬: [MCP] 鍙戠エ鎶ラ攢 - 72551412
鍒嗙被: other
閲戦: 楼1125.14
鐘舵€? 鑽夌
鐢宠浜? admin
鍒涘缓鏃堕棿: 2026-06-05 14:21:01
--------------------
鎶ラ攢璁板綍:
ID: 48
鏍囬: [MCP] 鍙戠エ鎶ラ攢 - 72551412
鍒嗙被: other
閲戦: 楼1125.14
鐘舵€? 鑽夌
鐢宠浜? admin
鍒涘缓鏃堕棿: 2026-06-05 14:20:31
--------------------
鎶ラ攢璁板綍:
ID: 47
鏍囬: [MCP] 鍙戠エ鎶ラ攢 - 72551412
鍒嗙被: other
閲戦: 楼1125.14
鐘舵€? 鑽夌
鐢宠浜? admin
鍒涘缓鏃堕棿: 2026-06-05 14:20:13
--------------------
鎶ラ攢璁板綍:
ID: 46
鏍囬: [MCP] 鍙戠エ鎶ラ攢 - 72551412
鍒嗙被: other
閲戦: 楼1125.14
鐘舵€? 鑽夌
鐢宠浜? admin
鍒涘缓鏃堕棿: 2026-06-05 14:12:48
--------------------
鎶ラ攢璁板綍:
ID: 45
鏍囬: [MCP] 鍙戠エ鎶ラ攢 - 72551412
鍒嗙被: other
閲戦: 楼1125.14
鐘舵€? 鑽夌
鐢宠浜? admin
鍒涘缓鏃堕棿: 2026-06-05 14:11:55
--------------------
鎶ラ攢璁板綍:
ID: 44
鏍囬: [MCP] 鍙戠エ鎶ラ攢 - 72551412
鍒嗙被: other
閲戦: 楼1125.14
鐘舵€? 鑽夌
鐢宠浜? admin
鍒涘缓鏃堕棿: 2026-06-05 14:11:04
--------------------
鎶ラ攢璁板綍:
ID: 43
鏍囬: [MCP] 鍙戠エ鎶ラ攢 - 72551412
鍒嗙被: other
閲戦: 楼1125.14
鐘舵€? 鑽夌
鐢宠浜? admin
鍒涘缓鏃堕棿: 2026-06-05 14:08:00
--------------------
鎶ラ攢璁板綍:
ID: 42
鏍囬: [MCP] 鍙戠エ鎶ラ攢 - 72551412
鍒嗙被: other
閲戦: 楼1125.14
鐘舵€? 鑽夌
鐢宠浜? admin
鍒涘缓鏃堕棿: 2026-06-05 14:07:34
--------------------
鎶ラ攢璁板綍:
ID: 41
鏍囬: [MCP] 鍙戠エ鎶ラ攢 - 72551412
鍒嗙被: other
閲戦: 楼1125.14
鐘舵€? 鑽夌
鐢宠浜? admin
鍒涘缓鏃堕棿: 2026-06-05 12:07:40
--------------------
鎶ラ攢璁板綍:
ID: 40
鏍囬: [MCP] 鍙戠エ鎶ラ攢 - 72551412
鍒嗙被: other
閲戦: 楼1125.14
鐘舵€? 鑽夌
鐢宠浜? admin
鍒涘缓鏃堕棿: 2026-06-05 12:07:19
--------------------
鎶ラ攢璁板綍:
ID: 39
鏍囬: [MCP] 鍙戠エ鎶ラ攢 - 72551412
鍒嗙被: other
閲戦: 楼1125.14
鐘舵€? 鑽夌
鐢宠浜? admin
鍒涘缓鏃堕棿: 2026-06-05 12:07:04
--------------------
鎶ラ攢璁板綍:
ID: 38
鏍囬: [MCP] 鍙戠エ鎶ラ攢 - 72551412
鍒嗙被: other
閲戦: 楼1125.14
鐘舵€? 鑽夌
鐢宠浜? admin
鍒涘缓鏃堕棿: 2026-06-05 12:06:53
--------------------
鎶ラ攢璁板綍:
ID: 37
鏍囬: [MCP] 鍙戠エ鎶ラ攢 - 72551412
鍒嗙被: other
閲戦: 楼1125.14
鐘舵€? 鑽夌
鐢宠浜? admin
鍒涘缓鏃堕棿: 2026-06-05 12:02:47
--------------------
鎶ラ攢璁板綍:
ID: 36
鏍囬: [MCP] 鍙戠エ鎶ラ攢 - 72551412
鍒嗙被: other
閲戦: 楼1125.14
鐘舵€? 鑽夌
鐢宠浜? admin
鍒涘缓鏃堕棿: 2026-06-05 12:00:21
--------------------
鎶ラ攢璁板綍:
ID: 35
鏍囬: [MCP] 鍙戠エ鎶ラ攢 - 72551412
鍒嗙被: other
閲戦: 楼1125.14
鐘舵€? 鑽夌
鐢宠浜? admin
鍒涘缓鏃堕棿: 2026-06-05 11:58:57
--------------------
鎶ラ攢璁板綍:
ID: 34
鏍囬: [MCP] 鍙戠エ鎶ラ攢 - 72551412
鍒嗙被: other
閲戦: 楼1125.14
鐘舵€? 鑽夌
鐢宠浜? admin
鍒涘缓鏃堕棿: 2026-06-05 11:35:41
--------------------
鎶ラ攢璁板綍:
ID: 33
鏍囬: [MCP] 鍙戠エ鎶ラ攢 - 72551412
鍒嗙被: other
閲戦: 楼1125.14
鐘舵€? 鑽夌
鐢宠浜? admin
鍒涘缓鏃堕棿: 2026-06-05 11:35:13
--------------------
鎶ラ攢璁板綍:
ID: 32
鏍囬: [MCP] 鍙戠エ鎶ラ攢 - 72551412
鍒嗙被: other
閲戦: 楼1125.14
鐘舵€? 鑽夌
鐢宠浜? admin
鍒涘缓鏃堕棿: 2026-06-05 11:35:10
--------------------
鎶ラ攢璁板綍:
ID: 31
鏍囬: test3
鍒嗙被: office
閲戦: 楼1125.14
鐘舵€? 鑽夌
鐢宠浜? admin
鍒涘缓鏃堕棿: 2026-06-05 10:26:28
--------------------
鎶ラ攢璁板綍:
ID: 30
鏍囬: test2
鍒嗙被: office
閲戦: 楼0.01
鐘舵€? 鑽夌
鐢宠浜? admin
鍒涘缓鏃堕棿: 2026-06-05 10:14:59
--------------------
鎶ラ攢璁板綍:
ID: 29
鏍囬: 鏂板缓鎶ラ攢鍗?
鍒嗙被: other
閲戦: 楼101.10
鐘舵€? 鑽夌
鐢宠浜? admin
鍒涘缓鏃堕棿: 2026-06-05 10:13:49
--------------------
鎶ラ攢璁板綍:
ID: 28
鏍囬: 鏂板缓鎶ラ攢鍗?
鍒嗙被: other
閲戦: 楼101.10
鐘舵€? 鑽夌
鐢宠浜? admin
鍒涘缓鏃堕棿: 2026-06-05 09:14:17
--------------------
鎶ラ攢璁板綍:
ID: 26
鏍囬: test
鍒嗙被: office
閲戦: 楼200.00
鐘舵€? 鑽夌
鐢宠浜? admin
鍒涘缓鏃堕棿: 2026-06-04 17:17:49
--------------------
鎶ラ攢璁板綍:
ID: 25
鏍囬: test
鍒嗙被: office
閲戦: 楼100.00
鐘舵€? 鑽夌
鐢宠浜? admin
鍒涘缓鏃堕棿: 2026-06-04 16:45:46
--------------------
鎶ラ攢璁板綍:
ID: 16
鏍囬: ces
鍒嗙被: travel
閲戦: 楼500.00
鐘舵€? 鑽夌
鐢宠浜? admin
鍒涘缓鏃堕棿: 2026-06-03 17:36:58
--------------------


============================================================
  [鏁版嵁搴揮 娴嬭瘯鍚?reimbursement 琛ㄧ姸鎬?
============================================================
  鏈€澶?ID: 73
  鎬昏褰曟暟: 72

============================================================
  [鏁版嵁搴揮 鍙樻洿瀵规瘮
============================================================
  鏂板璁板綍鏁? 1
  鏂板 ID 鑼冨洿: 73 ~ 73

